{"level":"INFO","timestamp":"2025-05-03T17:17:58.032Z","message":"Progress server listening on port 3001"}
{"level":"INFO","timestamp":"2025-05-03T17:17:58.033Z","message":"Testing database connection"}
{"level":"INFO","timestamp":"2025-05-03T17:17:58.481Z","message":"Database connection successful"}
{"level":"CRITICAL","timestamp":"2025-05-03T17:17:58.635Z","message":"Failed to start indexer","meta":{}}
{"level":"CRITICAL","timestamp":"2025-05-03T17:17:58.641Z","message":"Failed to start indexer:","meta":{}}
{"level":"INFO","timestamp":"2025-05-03T17:18:29.880Z","message":"Progress server listening on port 3001"}
{"level":"INFO","timestamp":"2025-05-03T17:18:29.882Z","message":"Testing database connection"}
{"level":"INFO","timestamp":"2025-05-03T17:18:30.324Z","message":"Database connection successful"}
{"level":"INFO","timestamp":"2025-05-03T17:18:30.462Z","message":"Loading last known state from database"}
{"level":"INFO","timestamp":"2025-05-03T17:18:30.553Z","message":"Loaded last state from database - Slot: 153869344, Hash: c8efa0ee3ca836009f74325f635d9393719971726681019dbfd3164f61164623"}
{"level":"INFO","timestamp":"2025-05-03T17:18:30.554Z","message":"Connecting to Ogmios at ws://207.244.242.232:1337"}
{"level":"INFO","timestamp":"2025-05-03T17:18:30.676Z","message":"Connected to Ogmios"}
{"level":"INFO","timestamp":"2025-05-03T17:18:30.743Z","message":"Network block height: 11817054"}
{"level":"INFO","timestamp":"2025-05-03T17:18:30.744Z","message":"Starting chain sync with 7 points, latest slot: 153869344"}
{"level":"INFO","timestamp":"2025-05-03T17:18:30.821Z","message":"Intersection found"}
{"level":"INFO","timestamp":"2025-05-03T17:25:32.046Z","message":"Received SIGINT. Starting graceful shutdown..."}
{"level":"INFO","timestamp":"2025-05-03T17:25:32.050Z","message":"Stopping indexer"}
{"level":"INFO","timestamp":"2025-05-03T17:25:32.477Z","message":"Saved state: Slot 153991964, Hash 7331e421c80a784e3ccb9b5bc55bb38afbd102f3a4472d960f63a3619f08f67c"}
{"level":"INFO","timestamp":"2025-05-03T17:25:32.481Z","message":"Database pool closed"}
{"level":"INFO","timestamp":"2025-05-03T17:25:32.485Z","message":"Progress server closed"}
{"level":"INFO","timestamp":"2025-05-03T17:25:32.486Z","message":"Indexer stopped successfully"}
{"level":"INFO","timestamp":"2025-05-03T17:25:32.488Z","message":"Graceful shutdown completed"}
